
> daily-bloom-api@1.0.0 test
> node --test

Γû╢ parseQuickAddLocal
  Γ£ö strips #tag into tag (1.2819ms)
  Γ£ö detects tomorrow 5pm (1.7507ms)
  Γ£ö flags urgent as high priority (0.5561ms)
Γ£ö parseQuickAddLocal (4.9017ms)
Γû╢ breakdownLocal
  Γ£ö returns steps with minutes (0.4576ms)
Γ£ö breakdownLocal (0.7598ms)
Γû╢ planLocal
  Γ£ö prefers overdue + high priority (0.5377ms)
Γ£ö planLocal (0.7039ms)
Γû╢ narrativeLocal
  Γ£ö narrates a productive week (0.6402ms)
  Γ£ö stays kind on a quiet week (0.2801ms)
Γ£ö narrativeLocal (1.2155ms)
Γû╢ groomLocal
  Γ£ö flags duplicates, keeping newest (15.4265ms)
  Γ£ö flags stale and vague (0.3514ms)
Γ£ö groomLocal (15.9208ms)
Γû╢ askLocal
  Γ£ö ranks title matches first (2.8279ms)
Γ£ö askLocal (3.0029ms)
Γû╢ checkCap
  Γ£ö caps after the daily limit (0.5306ms)
Γ£ö checkCap (0.6348ms)
Γû╢ health
  Γ£ö reports ok with a database behind it (83.0988ms)
Γ£ö health (84.0375ms)
Γû╢ auth
  Γ£ö requires a token on data routes (5.83ms)
  Γ£ö rejects a garbage bearer with 401 (2.5768ms)
  Γ£ö loads the profile with the token (auto-creates the user) (27.8509ms)
  Γ£ö deletes the account and wipes its data (742.8285ms)
Γ£ö auth (779.6644ms)
Γû╢ isolation + flows
  Γ£ö B cannot see A's tasks (49.8808ms)
  Γ£û B cannot move A's task (404, not 403 ΓÇö no existence leak) (5.8031ms)
  Γ£û completing a task fires the starter rule (+10 tokens, success run) (7.0627ms)
Γ£û isolation + flows (64.4876ms)
Γû╢ batch: search, due dates, export, delete, sync-guard
  Γ£û searches by title and tag, rejects short queries (9.7002ms)
  Γ£û sets and clears a due date (6.2484ms)
  Γ£û exports the whole account (46.3264ms)
  Γ£ö firebase-sync without a token is 401 (3.5159ms)
  Γ£û subtask ticks are logged as history events (12.342ms)
  Γ£û deletes the task, then 404s on repeat (6.4227ms)
Γ£û batch: search, due dates, export, delete, sync-guard (110.3944ms)
Γä╣ tests 25
Γä╣ suites 11
Γä╣ pass 18
Γä╣ fail 7
Γä╣ cancelled 0
Γä╣ skipped 0
Γä╣ todo 0
Γä╣ duration_ms 1179.7116

Γ£û failing tests:

test at test\api.test.js:109:3
Γ£û B cannot move A's task (404, not 403 ΓÇö no existence leak) (5.8031ms)
  TypeError: Cannot read properties of undefined (reading 'id')
      at TestContext.<anonymous> (file:///C:/Users/owner/Desktop/Default%20Project/server/test/api.test.js:111:29)
      at process.processTicksAndRejections (node:internal/process/task_queues:103:5)
      at async Test.run (node:internal/test_runner/test:1113:7)
      at async Suite.processPendingSubtests (node:internal/test_runner/test:788:7)

test at test\api.test.js:119:3
Γ£û completing a task fires the starter rule (+10 tokens, success run) (7.0627ms)
  TypeError: Cannot read properties of undefined (reading 'id')
      at TestContext.<anonymous> (file:///C:/Users/owner/Desktop/Default%20Project/server/test/api.test.js:121:29)
      at process.processTicksAndRejections (node:internal/process/task_queues:103:5)
      at async Test.run (node:internal/test_runner/test:1113:7)
      at async Suite.processPendingSubtests (node:internal/test_runner/test:788:7)

test at test\api.test.js:150:3
Γ£û searches by title and tag, rejects short queries (9.7002ms)
  AssertionError [ERR_ASSERTION]: Expected values to be strictly equal:
  
  0 !== 1
  
      at TestContext.<anonymous> (file:///C:/Users/owner/Desktop/Default%20Project/server/test/api.test.js:152:12)
      at process.processTicksAndRejections (node:internal/process/task_queues:103:5)
      at async Test.run (node:internal/test_runner/test:1113:7)
      at async Promise.all (index 0)
      at async Suite.run (node:internal/test_runner/test:1518:7)
      at async Test.processPendingSubtests (node:internal/test_runner/test:788:7) {
    generatedMessage: true,
    code: 'ERR_ASSERTION',
    actual: 0,
    expected: 1,
    operator: 'strictEqual',
    diff: 'simple'
  }

test at test\api.test.js:157:3
Γ£û sets and clears a due date (6.2484ms)
  TypeError: Cannot read properties of undefined (reading 'id')
      at TestContext.<anonymous> (file:///C:/Users/owner/Desktop/Default%20Project/server/test/api.test.js:159:29)
      at process.processTicksAndRejections (node:internal/process/task_queues:103:5)
      at async Test.run (node:internal/test_runner/test:1113:7)
      at async Suite.processPendingSubtests (node:internal/test_runner/test:788:7)

test at test\api.test.js:172:3
Γ£û exports the whole account (46.3264ms)
  AssertionError [ERR_ASSERTION]: Expected values to be strictly equal:
  
  500 !== 200
  
      at TestContext.<anonymous> (file:///C:/Users/owner/Desktop/Default%20Project/server/test/api.test.js:174:12)
      at process.processTicksAndRejections (node:internal/process/task_queues:103:5)
      at async Test.run (node:internal/test_runner/test:1113:7)
      at async Suite.processPendingSubtests (node:internal/test_runner/test:788:7) {
    generatedMessage: true,
    code: 'ERR_ASSERTION',
    actual: 500,
    expected: 200,
    operator: 'strictEqual',
    diff: 'simple'
  }

test at test\api.test.js:187:3
Γ£û subtask ticks are logged as history events (12.342ms)
  TypeError: Cannot read properties of undefined (reading 'id')
      at TestContext.<anonymous> (file:///C:/Users/owner/Desktop/Default%20Project/server/test/api.test.js:189:29)
      at process.processTicksAndRejections (node:internal/process/task_queues:103:5)
      at async Test.run (node:internal/test_runner/test:1113:7)
      at async Suite.processPendingSubtests (node:internal/test_runner/test:788:7)

test at test\api.test.js:206:3
Γ£û deletes the task, then 404s on repeat (6.4227ms)
  TypeError: Cannot read properties of undefined (reading 'id')
      at TestContext.<anonymous> (file:///C:/Users/owner/Desktop/Default%20Project/server/test/api.test.js:208:29)
      at process.processTicksAndRejections (node:internal/process/task_queues:103:5)
      at async Test.run (node:internal/test_runner/test:1113:7)
      at async Suite.processPendingSubtests (node:internal/test_runner/test:788:7)
